[    0.000000] Linux version 4.15.0-70-generic (buildd@lgw01-amd64-055) (gcc version 7.4.0 (Ubuntu 7.4.0-1ubuntu1~18.04.1)) #79-Ubuntu SMP Tue Nov 12 10:36:11 UTC 2019 (Ubuntu 4.15.0-70.79-generic 4.15.18)
[    0.000000] Command line: BOOT_IMAGE=/boot/vmlinuz-4.15.0-70-generic root=UUID=98285d8a-a678-4601-9516-53cb704d22bf ro console=tty1 console=ttyS0
[    0.000000] KERNEL supported cpus:
[    0.000000]   Intel GenuineIntel
[    0.000000]   AMD AuthenticAMD
[    0.000000]   Centaur CentaurHauls
[    0.000000] x86/fpu: Supporting XSAVE feature 0x001: 'x87 floating point registers'
[    0.000000] x86/fpu: Supporting XSAVE feature 0x002: 'SSE registers'
[    0.000000] x86/fpu: Supporting XSAVE feature 0x004: 'AVX registers'
[    0.000000] x86/fpu: xstate_offset[2]:  576, xstate_sizes[2]:  256
[    0.000000] x86/fpu: Enabled xstate features 0x7, context size is 832 bytes, using 'standard' format.
[    0.000000] e820: BIOS-provided physical RAM map:
[    0.000000] BIOS-e820: [mem 0x0000000000000000-0x000000000009fbff] usable
[    0.000000] BIOS-e820: [mem 0x000000000009fc00-0x000000000009ffff] reserved
[    0.000000] BIOS-e820: [mem 0x00000000000f0000-0x00000000000fffff] reserved
[    0.000000] BIOS-e820: [mem 0x0000000000100000-0x00000000dffeffff] usable
[    0.000000] BIOS-e820: [mem 0x00000000dfff0000-0x00000000dfffffff] ACPI data
[    0.000000] BIOS-e820: [mem 0x00000000fec00000-0x00000000fec00fff] reserved
[    0.000000] BIOS-e820: [mem 0x00000000fee00000-0x00000000fee00fff] reserved
[    0.000000] BIOS-e820: [mem 0x00000000fffc0000-0x00000000ffffffff] reserved
[    0.000000] BIOS-e820: [mem 0x0000000100000000-0x000000031d7fffff] usable
[    0.000000] NX (Execute Disable) protection: active
[    0.000000] SMBIOS 2.5 present.
[    0.000000] DMI: innotek GmbH VirtualBox/VirtualBox, BIOS VirtualBox 12/01/2006
[    0.000000] Hypervisor detected: KVM
[    0.000000] e820: last_pfn = 0x31d800 max_arch_pfn = 0x400000000
[    0.000000] MTRR: Disabled
[    0.000000] x86/PAT: MTRRs disabled, skipping PAT initialization too.
[    0.000000] CPU MTRRs all blank - virtualized system.
[    0.000000] x86/PAT: Configuration [0-7]: WB  WT  UC- UC  WB  WT  UC- UC  
[    0.000000] e820: last_pfn = 0xdfff0 max_arch_pfn = 0x400000000
[    0.000000] found SMP MP-table at [mem 0x0009fff0-0x0009ffff]
[    0.000000] Scanning 1 areas for low memory corruption
[    0.000000] RAMDISK: [mem 0x35981000-0x36cb7fff]
[    0.000000] ACPI: Early table checksum verification disabled
[    0.000000] ACPI: RSDP 0x00000000000E0000 000024 (v02 VBOX  )
[    0.000000] ACPI: XSDT 0x00000000DFFF0030 00003C (v01 VBOX   VBOXXSDT 00000001 ASL  00000061)
[    0.000000] ACPI: FACP 0x00000000DFFF00F0 0000F4 (v04 VBOX   VBOXFACP 00000001 ASL  00000061)
[    0.000000] ACPI: DSDT 0x00000000DFFF0480 0022EA (v02 VBOX   VBOXBIOS 00000002 INTL 20100528)
[    0.000000] ACPI: FACS 0x00000000DFFF0200 000040
[    0.000000] ACPI: FACS 0x00000000DFFF0200 000040
[    0.000000] ACPI: APIC 0x00000000DFFF0240 00006C (v02 VBOX   VBOXAPIC 00000001 ASL  00000061)
[    0.000000] ACPI: SSDT 0x00000000DFFF02B0 0001CC (v01 VBOX   VBOXCPUT 00000002 INTL 20100528)
[    0.000000] No NUMA configuration found
[    0.000000] Faking a node at [mem 0x0000000000000000-0x000000031d7fffff]
[    0.000000] NODE_DATA(0) allocated [mem 0x31d7d0000-0x31d7fafff]
[    0.000000] kvm-clock: cpu 0, msr 3:1d74f001, primary cpu clock
[    0.000000] kvm-clock: Using msrs 4b564d01 and 4b564d00
[    0.000000] kvm-clock: using sched offset of 4530461310 cycles
[    0.000000] clocksource: kvm-clock: mask: 0xffffffffffffffff max_cycles: 0x1cd42e4dffb, max_idle_ns: 881590591483 ns
[    0.000000] Zone ranges:
[    0.000000]   DMA      [mem 0x0000000000001000-0x0000000000ffffff]
[    0.000000]   DMA32    [mem 0x0000000001000000-0x00000000ffffffff]
[    0.000000]   Normal   [mem 0x0000000100000000-0x000000031d7fffff]
[    0.000000]   Device   empty
[    0.000000] Movable zone start for each node
[    0.000000] Early memory node ranges
[    0.000000]   node   0: [mem 0x0000000000001000-0x000000000009efff]
[    0.000000]   node   0: [mem 0x0000000000100000-0x00000000dffeffff]
[    0.000000]   node   0: [mem 0x0000000100000000-0x000000031d7fffff]
[    0.000000] Reserved but unavailable: 98 pages
[    0.000000] Initmem setup node 0 [mem 0x0000000000001000-0x000000031d7fffff]
[    0.000000] ACPI: PM-Timer IO Port: 0x4008
[    0.000000] IOAPIC[0]: apic_id 4, version 32, address 0xfec00000, GSI 0-23
[    0.000000] ACPI: INT_SRC_OVR (bus 0 bus_irq 0 global_irq 2 dfl dfl)
[    0.000000] ACPI: INT_SRC_OVR (bus 0 bus_irq 9 global_irq 9 low level)
[    0.000000] Using ACPI (MADT) for SMP configuration information
[    0.000000] smpboot: Allowing 4 CPUs, 0 hotplug CPUs
[    0.000000] PM: Registered nosave memory: [mem 0x00000000-0x00000fff]
[    0.000000] PM: Registered nosave memory: [mem 0x0009f000-0x0009ffff]
[    0.000000] PM: Registered nosave memory: [mem 0x000a0000-0x000effff]
[    0.000000] PM: Registered nosave memory: [mem 0x000f0000-0x000fffff]
[    0.000000] PM: Registered nosave memory: [mem 0xdfff0000-0xdfffffff]
[    0.000000] PM: Registered nosave memory: [mem 0xe0000000-0xfebfffff]
[    0.000000] PM: Registered nosave memory: [mem 0xfec00000-0xfec00fff]
[    0.000000] PM: Registered nosave memory: [mem 0xfec01000-0xfedfffff]
[    0.000000] PM: Registered nosave memory: [mem 0xfee00000-0xfee00fff]
[    0.000000] PM: Registered nosave memory: [mem 0xfee01000-0xfffbffff]
[    0.000000] PM: Registered nosave memory: [mem 0xfffc0000-0xffffffff]
[    0.000000] e820: [mem 0xe0000000-0xfebfffff] available for PCI devices
[    0.000000] Booting paravirtualized kernel on KVM
[    0.000000] clocksource: refined-jiffies: mask: 0xffffffff max_cycles: 0xffffffff, max_idle_ns: 7645519600211568 ns
[    0.000000] random: get_random_bytes called from start_kernel+0x99/0x4fd with crng_init=0
[    0.000000] setup_percpu: NR_CPUS:8192 nr_cpumask_bits:4 nr_cpu_ids:4 nr_node_ids:1
[    0.000000] percpu: Embedded 45 pages/cpu s147456 r8192 d28672 u524288
[    0.000000] PV qspinlock hash table entries: 256 (order: 0, 4096 bytes)
[    0.000000] Built 1 zonelists, mobility grouping on.  Total pages: 3086361
[    0.000000] Policy zone: Normal
[    0.000000] Kernel command line: BOOT_IMAGE=/boot/vmlinuz-4.15.0-70-generic root=UUID=98285d8a-a678-4601-9516-53cb704d22bf ro console=tty1 console=ttyS0
[    0.000000] Memory: 12229732K/12541496K available (12300K kernel code, 2481K rwdata, 4264K rodata, 2432K init, 2388K bss, 311764K reserved, 0K cma-reserved)
[    0.000000] SLUB: HWalign=64, Order=0-3, MinObjects=0, CPUs=4, Nodes=1
[    0.000000] Kernel/User page tables isolation: enabled
[    0.000000] ftrace: allocating 39315 entries in 154 pages
[    0.004000] Hierarchical RCU implementation.
[    0.004000] 	RCU restricting CPUs from NR_CPUS=8192 to nr_cpu_ids=4.
[    0.004000] 	Tasks RCU enabled.
[    0.004000] RCU: Adjusting geometry for rcu_fanout_leaf=16, nr_cpu_ids=4
[    0.004000] NR_IRQS: 524544, nr_irqs: 456, preallocated irqs: 16
[    0.004000] Console: colour VGA+ 80x25
[    0.004000] console [tty1] enabled
[    0.004000] console [ttyS0] enabled
[    0.004000] ACPI: Core revision 20170831
[    0.004000] ACPI: 2 ACPI AML tables successfully acquired and loaded
[    0.004000] APIC: Switch to symmetric I/O mode setup
[    0.004000] x2apic enabled
[    0.004000] Switched APIC routing to physical x2apic.
[    0.006677] ..TIMER: vector=0x30 apic1=0 pin1=2 apic2=-1 pin2=-1
[    0.008005] tsc: Detected 2711.996 MHz processor
[    0.009378] Calibrating delay loop (skipped) preset value.. 5423.99 BogoMIPS (lpj=10847984)
[    0.012012] pid_max: default: 32768 minimum: 301
[    0.013488] Security Framework initialized
[    0.016007] Yama: becoming mindful.
[    0.017306] AppArmor: AppArmor initialized
[    0.028385] Dentry cache hash table entries: 2097152 (order: 12, 16777216 bytes)
[    0.040432] Inode-cache hash table entries: 1048576 (order: 11, 8388608 bytes)
[    0.044139] Mount-cache hash table entries: 32768 (order: 6, 262144 bytes)
[    0.048091] Mountpoint-cache hash table entries: 32768 (order: 6, 262144 bytes)
[    0.056491] Last level iTLB entries: 4KB 64, 2MB 8, 4MB 8
[    0.060007] Last level dTLB entries: 4KB 64, 2MB 0, 4MB 0, 1GB 4
[    0.062428] Spectre V1 : Mitigation: usercopy/swapgs barriers and __user pointer sanitization
[    0.064008] Spectre V2 : Mitigation: Full generic retpoline
[    0.068006] Spectre V2 : Spectre v2 / SpectreRSB mitigation: Filling RSB on context switch
[    0.070953] Speculative Store Bypass: Vulnerable
[    0.072052] MDS: Vulnerable: Clear CPU buffers attempted, no microcode
[    0.076272] Freeing SMP alternatives memory: 36K
[    0.190778] smpboot: CPU0: Intel(R) Core(TM) i5-7200U CPU @ 2.50GHz (family: 0x6, model: 0x8e, stepping: 0x9)
[    0.192000] Performance Events: unsupported p6 CPU model 142 no PMU driver, software events only.
[    0.192064] Hierarchical SRCU implementation.
[    0.196551] NMI watchdog: Perf event create on CPU 0 failed with -2
[    0.198258] NMI watchdog: Perf NMI watchdog permanently disabled
[    0.200117] smp: Bringing up secondary CPUs ...
[    0.201636] x86: Booting SMP configuration:
[    0.202862] .... node  #0, CPUs:      #1
[    0.004000] kvm-clock: cpu 1, msr 3:1d74f041, secondary cpu clock
[    0.208261]  #2
[    0.004000] kvm-clock: cpu 2, msr 3:1d74f081, secondary cpu clock
[    0.215449]  #3
[    0.004000] kvm-clock: cpu 3, msr 3:1d74f0c1, secondary cpu clock
[    0.220027] smp: Brought up 1 node, 4 CPUs
[    0.221224] smpboot: Max logical packages: 1
[    0.222468] smpboot: Total of 4 processors activated (21695.96 BogoMIPS)
[    0.224162] devtmpfs: initialized
[    0.225462] x86/mm: Memory block size: 128MB
[    0.229498] evm: security.selinux
[    0.230558] evm: security.SMACK64
[    0.232005] evm: security.SMACK64EXEC
[    0.233148] evm: security.SMACK64TRANSMUTE
[    0.234714] evm: security.SMACK64MMAP
[    0.236004] evm: security.apparmor
[    0.237108] evm: security.ima
[    0.238010] evm: security.capability
[    0.240080] clocksource: jiffies: mask: 0xffffffff max_cycles: 0xffffffff, max_idle_ns: 7645041785100000 ns
[    0.243101] futex hash table entries: 1024 (order: 4, 65536 bytes)
[    0.244160] pinctrl core: initialized pinctrl subsystem
[    0.248311] RTC time: 17:54:12, date: 12/25/19
[    0.252230] NET: Registered protocol family 16
[    0.254801] audit: initializing netlink subsys (disabled)
[    0.256089] audit: type=2000 audit(1577296458.844:1): state=initialized audit_enabled=0 res=1
[    0.260018] cpuidle: using governor ladder
[    0.264030] cpuidle: using governor menu
[    0.266055] ACPI: bus type PCI registered
[    0.268007] acpiphp: ACPI Hot Plug PCI Controller Driver version: 0.5
[    0.270514] PCI: Using configuration type 1 for base access
[    0.276044] HugeTLB registered 2.00 MiB page size, pre-allocated 0 pages
[    0.280014] ACPI: Added _OSI(Module Device)
[    0.281515] ACPI: Added _OSI(Processor Device)
[    0.283167] ACPI: Added _OSI(3.0 _SCP Extensions)
[    0.284006] ACPI: Added _OSI(Processor Aggregator Device)
[    0.286132] ACPI: Added _OSI(Linux-Dell-Video)
[    0.288008] ACPI: Added _OSI(Linux-Lenovo-NV-HDMI-Audio)
[    0.289869] ACPI: Added _OSI(Linux-HPI-Hybrid-Graphics)
[    0.292535] ACPI: Executed 1 blocks of module-level executable AML code
[    0.307445] ACPI: Interpreter enabled
[    0.308036] ACPI: (supports S0 S5)
[    0.310123] ACPI: Using IOAPIC for interrupt routing
[    0.312977] PCI: Using host bridge windows from ACPI; if necessary, use "pci=nocrs" and report a bug
[    0.316569] ACPI: Enabled 2 GPEs in block 00 to 07
[    0.347216] ACPI: PCI Root Bridge [PCI0] (domain 0000 [bus 00-ff])
[    0.348024] acpi PNP0A03:00: _OSC: OS supports [ASPM ClockPM Segments MSI]
[    0.356047] acpi PNP0A03:00: _OSC: not requesting OS control; OS requires [ExtendedConfig ASPM ClockPM MSI]
[    0.360047] acpi PNP0A03:00: fail to add MMCONFIG information, can't access extended PCI configuration space under this bridge.
[    0.365562] PCI host bridge to bus 0000:00
[    0.368015] pci_bus 0000:00: root bus resource [io  0x0000-0x0cf7 window]
[    0.372014] pci_bus 0000:00: root bus resource [io  0x0d00-0xffff window]
[    0.376024] pci_bus 0000:00: root bus resource [mem 0x000a0000-0x000bffff window]
[    0.380012] pci_bus 0000:00: root bus resource [mem 0xe0000000-0xfdffffff window]
[    0.384011] pci_bus 0000:00: root bus resource [bus 00-ff]
[    0.393079] pci 0000:00:01.1: legacy IDE quirk: reg 0x10: [io  0x01f0-0x01f7]
[    0.396012] pci 0000:00:01.1: legacy IDE quirk: reg 0x14: [io  0x03f6]
[    0.398316] pci 0000:00:01.1: legacy IDE quirk: reg 0x18: [io  0x0170-0x0177]
[    0.400012] pci 0000:00:01.1: legacy IDE quirk: reg 0x1c: [io  0x0376]
[    0.564438] pci 0000:00:07.0: quirk: [io  0x4000-0x403f] claimed by PIIX4 ACPI
[    0.566877] pci 0000:00:07.0: quirk: [io  0x4100-0x410f] claimed by PIIX4 SMB
[    0.625807] ACPI: PCI Interrupt Link [LNKA] (IRQs 5 9 10 *11)
[    0.629245] ACPI: PCI Interrupt Link [LNKB] (IRQs 5 9 *10 11)
[    0.632372] ACPI: PCI Interrupt Link [LNKC] (IRQs 5 *9 10 11)
[    0.636611] ACPI: PCI Interrupt Link [LNKD] (IRQs 5 9 10 *11)
[    0.640365] SCSI subsystem initialized
[    0.642236] pci 0000:00:02.0: vgaarb: setting as boot VGA device
[    0.642391] pci 0000:00:02.0: vgaarb: VGA device added: decodes=io+mem,owns=io+mem,locks=none
[    0.644017] pci 0000:00:02.0: vgaarb: bridge control possible
[    0.645941] vgaarb: loaded
[    0.646870] ACPI: bus type USB registered
[    0.648037] usbcore: registered new interface driver usbfs
[    0.649685] usbcore: registered new interface driver hub
[    0.652062] usbcore: registered new device driver usb
[    0.653673] EDAC MC: Ver: 3.0.0
[    0.653673] PCI: Using ACPI for IRQ routing
[    0.656536] NetLabel: Initializing
[    0.657664] NetLabel:  domain hash size = 128
[    0.658917] NetLabel:  protocols = UNLABELED CIPSOv4 CALIPSO
[    0.660056] NetLabel:  unlabeled traffic allowed by default
[    0.664186] clocksource: Switched to clocksource kvm-clock
[    0.696182] VFS: Disk quotas dquot_6.6.0
[    0.697970] VFS: Dquot-cache hash table entries: 512 (order 0, 4096 bytes)
[    0.701067] AppArmor: AppArmor Filesystem Enabled
[    0.702752] pnp: PnP ACPI init
[    0.706564] pnp: PnP ACPI: found 3 devices
[    0.729371] clocksource: acpi_pm: mask: 0xffffff max_cycles: 0xffffff, max_idle_ns: 2085701024 ns
[    0.735101] NET: Registered protocol family 2
[    0.737829] TCP established hash table entries: 131072 (order: 8, 1048576 bytes)
[    0.743683] TCP bind hash table entries: 65536 (order: 8, 1048576 bytes)
[    0.747244] TCP: Hash tables configured (established 131072 bind 65536)
[    0.750298] UDP hash table entries: 8192 (order: 6, 262144 bytes)
[    0.752811] UDP-Lite hash table entries: 8192 (order: 6, 262144 bytes)
[    0.755593] NET: Registered protocol family 1
[    0.757312] pci 0000:00:00.0: Limiting direct PCI/PCI transfers
[    0.759683] pci 0000:00:01.0: Activating ISA DMA hang workarounds
[    0.762335] pci 0000:00:02.0: Video device with shadowed ROM at [mem 0x000c0000-0x000dffff]
[    0.765580] Unpacking initramfs...
[    1.593611] Freeing initrd memory: 19676K
[    1.595003] PCI-DMA: Using software bounce buffering for IO (SWIOTLB)
[    1.597658] software IO TLB: mapped [mem 0xdbff0000-0xdfff0000] (64MB)
[    1.600819] clocksource: tsc: mask: 0xffffffffffffffff max_cycles: 0x271782d3887, max_idle_ns: 440795314643 ns
[    1.604651] platform rtc_cmos: registered platform RTC device (no PNP device found)
[    1.607714] Scanning for low memory corruption every 60 seconds
[    1.610853] Initialise system trusted keyrings
[    1.612153] Key type blacklist registered
[    1.613569] workingset: timestamp_bits=36 max_order=22 bucket_order=0
[    1.617125] zbud: loaded
[    1.619322] squashfs: version 4.0 (2009/01/31) Phillip Lougher
[    1.621547] fuse init (API version 7.26)
[    1.629912] Key type asymmetric registered
[    1.631415] Asymmetric key parser 'x509' registered
[    1.633032] Block layer SCSI generic (bsg) driver version 0.4 loaded (major 246)
[    1.635623] io scheduler noop registered
[    1.636978] io scheduler deadline registered
[    1.638337] io scheduler cfq registered (default)
[    1.640539] ACPI: AC Adapter [AC] (off-line)
[    1.642018] input: Power Button as /devices/LNXSYSTM:00/LNXPWRBN:00/input/input0
[    1.644587] ACPI: Power Button [PWRF]
[    1.646124] input: Sleep Button as /devices/LNXSYSTM:00/LNXSLPBN:00/input/input1
[    1.648554] ACPI: Sleep Button [SLPF]
[    1.651965] ACPI: Battery Slot [BAT0] (battery present)
[    1.654783] Serial: 8250/16550 driver, 32 ports, IRQ sharing enabled
[    1.678470] 00:02: ttyS0 at I/O 0x3f8 (irq = 4, base_baud = 115200) is a 16550A
[    1.688618] Linux agpgart interface v0.103
[    1.697331] loop: module loaded
[    1.700563] scsi host0: ata_piix
[    1.702274] scsi host1: ata_piix
[    1.703642] ata1: PATA max UDMA/33 cmd 0x1f0 ctl 0x3f6 bmdma 0xd000 irq 14
[    1.706292] ata2: PATA max UDMA/33 cmd 0x170 ctl 0x376 bmdma 0xd008 irq 15
[    1.708845] libphy: Fixed MDIO Bus: probed
[    1.710084] tun: Universal TUN/TAP device driver, 1.6
[    1.712001] PPP generic driver version 2.4.2
[    1.714281] ehci_hcd: USB 2.0 'Enhanced' Host Controller (EHCI) Driver
[    1.716983] ehci-pci: EHCI PCI platform driver
[    1.718761] ehci-platform: EHCI generic platform driver
[    1.720693] ohci_hcd: USB 1.1 'Open' Host Controller (OHCI) Driver
[    1.722717] ohci-pci: OHCI PCI platform driver
[    1.724203] ohci-platform: OHCI generic platform driver
[    1.725976] uhci_hcd: USB Universal Host Controller Interface driver
[    1.728112] i8042: PNP: PS/2 Controller [PNP0303:PS2K,PNP0f03:PS2M] at 0x60,0x64 irq 1,12
[    1.732724] serio: i8042 KBD port at 0x60,0x64 irq 1
[    1.734731] serio: i8042 AUX port at 0x60,0x64 irq 12
[    1.738459] mousedev: PS/2 mouse device common for all mice
[    1.744305] input: AT Translated Set 2 keyboard as /devices/platform/i8042/serio0/input/input2
[    1.749214] rtc_cmos rtc_cmos: rtc core: registered rtc_cmos as rtc0
[    1.753354] rtc_cmos rtc_cmos: alarms up to one day, 114 bytes nvram
[    1.756900] i2c /dev entries driver
[    1.759284] device-mapper: uevent: version 1.0.3
[    1.762520] device-mapper: ioctl: 4.37.0-ioctl (2017-09-20) initialised: dm-devel@redhat.com
[    1.767041] ledtrig-cpu: registered to indicate activity on CPUs
[    1.771564] NET: Registered protocol family 10
[    1.786306] Segment Routing with IPv6
[    1.788833] NET: Registered protocol family 17
[    1.791496] Key type dns_resolver registered
[    1.794973] mce: Using 0 MCE banks
[    1.796961] RAS: Correctable Errors collector initialized.
[    1.799275] sched_clock: Marking stable (1796917148, 0)->(2702509376, -905592228)
[    1.805945] registered taskstats version 1
[    1.807779] Loading compiled-in X.509 certificates
[    1.817152] Loaded X.509 cert 'Build time autogenerated kernel key: 1859b0531897959199376c446a0bd70df75fd1fc'
[    1.823474] zswap: loaded using pool lzo/zbud
[    1.837576] Key type big_key registered
[    1.840286] Key type trusted registered
[    1.847827] Key type encrypted registered
[    1.849984] AppArmor: AppArmor sha1 policy hashing enabled
[    1.852220] ima: No TPM chip found, activating TPM-bypass! (rc=-19)
[    1.854574] ima: Allocated hash algorithm: sha1
[    1.856408] evm: HMAC attrs: 0x1
[    1.857997]   Magic number: 15:610:947
[    1.859561] tty tty4: hash matches
[    1.860989] processor cpu2: hash matches
[    1.862255] memory memory0: hash matches
[    1.863657] rtc_cmos rtc_cmos: setting system clock to 2019-12-25 17:54:14 UTC (1577296454)
[    1.866800] BIOS EDD facility v0.16 2004-Jun-25, 0 devices found
[    1.869099] EDD information not available.
[    1.877193] Freeing unused kernel image memory: 2432K
[    1.892716] Write protecting the kernel read-only data: 20480k
[    1.907212] Freeing unused kernel image memory: 2008K
[    1.910651] Freeing unused kernel image memory: 1880K
[    1.933739] x86/mm: Checked W+X mappings: passed, no W+X pages found.
[    1.935852] x86/mm: Checking user space page tables
[    1.963956] x86/mm: Checked W+X mappings: passed, no W+X pages found.
Loading, please wait...
starting version 237
[    2.163071] Fusion MPT base driver 3.04.20
[    2.168607] Copyright (c) 1999-2008 LSI Corporation
[    2.184979] Fusion MPT SPI Host driver 3.04.20
[    2.192287] mptbase: ioc0: Initiating bringup
[    2.221340] e1000: Intel(R) PRO/1000 Network Driver - version 7.3.21-k8-NAPI
[    2.229287] e1000: Copyright (c) 1999-2006 Intel Corporation.
[    2.239479] AVX2 version of gcm_enc/dec engaged.
[    2.242283] AES CTR mode by8 optimization enabled
[    2.324793] ioc0: LSI53C1030 A0: Capabilities={Initiator}
[    2.392406] input: ImExPS/2 Generic Explorer Mouse as /devices/platform/i8042/serio1/input/input4
[    2.716538] scsi host2: ioc0: LSI53C1030 A0, FwRev=00000000h, Ports=1, MaxQ=256, IRQ=20
[    3.097959] scsi 2:0:0:0: Direct-Access     VBOX     HARDDISK         1.0  PQ: 0 ANSI: 5
[    3.136059] scsi target2:0:0: Beginning Domain Validation
[    3.142219] scsi target2:0:0: Domain Validation skipping write tests
[    3.145521] scsi target2:0:0: Ending Domain Validation
[    3.148532] scsi target2:0:0: asynchronous
[    3.151243] scsi 2:0:1:0: Direct-Access     VBOX     HARDDISK         1.0  PQ: 0 ANSI: 5
[    3.512137] scsi target2:0:1: Beginning Domain Validation
[    3.520291] random: fast init done
[    3.524362] scsi target2:0:1: Domain Validation skipping write tests
[    3.526823] scsi target2:0:1: Ending Domain Validation
[    3.528831] scsi target2:0:1: asynchronous
[    3.545627] random: systemd-udevd: uninitialized urandom read (16 bytes read)
[    3.545921] sd 2:0:0:0: Attached scsi generic sg0 type 0
[    3.548532] random: systemd-udevd: uninitialized urandom read (16 bytes read)
[    3.550479] sd 2:0:1:0: Attached scsi generic sg1 type 0
[    3.552845] sd 2:0:0:0: [sda] 31457280 512-byte logical blocks: (16.1 GB/15.0 GiB)
[    3.557795] sd 2:0:0:0: [sda] Write Protect is off
[    3.559863] sd 2:0:1:0: [sdb] 20480 512-byte logical blocks: (10.5 MB/10.0 MiB)
[    3.563491] sd 2:0:1:0: [sdb] Write Protect is off
[    3.565235] sd 2:0:0:0: [sda] Incomplete mode parameter data
[    3.567210] sd 2:0:0:0: [sda] Assuming drive cache: write through
[    3.569518] sd 2:0:1:0: [sdb] Incomplete mode parameter data
[    3.571482] sd 2:0:1:0: [sdb] Assuming drive cache: write through
[    3.572077] random: systemd-udevd: uninitialized urandom read (16 bytes read)
[    3.576457] sd 2:0:1:0: [sdb] Attached SCSI disk
[    3.579185]  sda: sda1
[    3.580970] sd 2:0:0:0: [sda] Attached SCSI disk
[    3.733032] e1000 0000:00:03.0 eth0: (PCI:33MHz:32-bit) 02:7c:06:17:a1:8b
[    3.737359] e1000 0000:00:03.0 eth0: Intel(R) PRO/1000 Network Connection
[    3.744150] e1000 0000:00:03.0 enp0s3: renamed from eth0
Begin: Loading essential drivers ... [    6.224186] raid6: sse2x1   gen()  1927 MB/s
[    6.272069] raid6: sse2x1   xor()  1892 MB/s
[    6.320685] raid6: sse2x2   gen()  2910 MB/s
[    6.368514] raid6: sse2x2   xor()  2321 MB/s
[    6.416385] raid6: sse2x4   gen()  2678 MB/s
[    6.464164] raid6: sse2x4   xor()  2396 MB/s
[    6.512716] raid6: avx2x1   gen()  4595 MB/s
[    6.560172] raid6: avx2x1   xor()  3638 MB/s
[    6.608848] raid6: avx2x2   gen()  5841 MB/s
[    6.656674] raid6: avx2x2   xor()  4349 MB/s
[    6.704407] raid6: avx2x4   gen()  5977 MB/s
[    6.752251] raid6: avx2x4   xor()  4163 MB/s
[    6.754810] raid6: using algorithm avx2x4 gen() 5977 MB/s
[    6.758060] raid6: .... xor() 4163 MB/s, rmw enabled
[    6.760486] raid6: using avx2x2 recovery algorithm
[    6.766879] xor: automatically using best checksumming function   avx       
[    6.776532] async_tx: api initialized (async)
done.
Begin: Running /scripts/init-premount ... done.
Begin: Mounting root file system ... Begin: Running /scripts/local-top ... done.
Begin: Running /scripts/local-premount ... [    6.930651] Btrfs loaded, crc32c=crc32c-intel
Scanning for Btrfs filesystems
done.
Warning: fsck not present, so skipping root file system
[    6.985091] EXT4-fs (sda1): INFO: recovery required on readonly filesystem
[    6.988865] EXT4-fs (sda1): write access will be enabled during recovery
[    7.240328] EXT4-fs (sda1): recovery complete
[    7.242139] EXT4-fs (sda1): mounted filesystem with ordered data mode. Opts: (null)
done.
Begin: Running /scripts/local-bottom ... done.
Begin: Running /scripts/init-bottom ... done.
[    7.762713] ip_tables: (C) 2000-2006 Netfilter Core Team
[    7.779269] systemd[1]: systemd 237 running in system mode. (+PAM +AUDIT +SELINUX +IMA +APPARMOR +SMACK +SYSVINIT +UTMP +LIBCRYPTSETUP +GCRYPT +GNUTLS +ACL +XZ +LZ4 +SECCOMP +BLKID +ELFUTILS +KMOD -IDN2 +IDN -PCRE2 default-hierarchy=hybrid)
[    7.786872] systemd[1]: Detected virtualization oracle.
[    7.788724] systemd[1]: Detected architecture x86-64.

Welcome to [1mUbuntu 18.04.3 LTS[0m!

[    7.807439] systemd[1]: Set hostname to <ubuntu-bionic>.
[    8.205178] systemd[1]: Reached target User and Group Name Lookups.
[[0;32m  OK  [0m] Reached target User and Group Name Lookups.
[    8.212896] systemd[1]: Created slice System Slice.
[[0;32m  OK  [0m] Created slice System Slice.
[    8.229152] systemd[1]: Listening on /dev/initctl Compatibility Named Pipe.
[[0;32m  OK  [0m] Listening on /dev/initctl Compatibility Named Pipe.
[    8.236075] systemd[1]: Created slice system-serial\x2dgetty.slice.
[[0;32m  OK  [0m] Created slice system-serial\x2dgetty.slice.
[    8.257493] systemd[1]: Listening on Journal Socket (/dev/log).
[[0;32m  OK  [0m] Listening on Journal Socket (/dev/log).
[    8.262584] systemd[1]: Listening on udev Control Socket.
[[0;32m  OK  [0m] Listening on udev Control Socket.
[[0;32m  OK  [0m] Listening on Journal Socket.
         Starting Load Kernel Modules...
         Starting Uncomplicated firewall...
         Starting Set the console keyboard layout...
[[0;32m  OK  [0m] Listening on Device-mapper event daemon FIFOs.
         Starting Create list of required stâ€¦ce nodes for the current kernel...
[[0;32m  OK  [0m] Listening on udev Kernel Socket.
         Starting udev Coldplug all Devices...
[[0;32m  OK  [0m] Set up automount Arbitrary Executabâ€¦rmats File System Automount Point.
         Mounting Huge Pages File System...
[[0;32m  OK  [0m] Listening on Syslog Socket.
         Mounting Kernel Debug File System...
[[0;32m  OK  [0m] Listening on Journal Audit Socket.
[    8.322403] Loading iSCSI transport class v2.0-870.
         Starting Journal Service...
[[0;32m  OK  [0m] Started Forward Password Requests to Wall Directory Watch.
[[0;32m  OK  [0m] Created slice User and Session Slice.
         Starting Remount Root and Kernel File Systems...
[[0;32m  OK  [0m] Listening on LVM2 poll daemon socket.
         Mounting POSIX Message Queue File System...
[    8.350994] iscsi: registered transport (tcp)
[[0;32m  OK  [0m] Listening on Network Service Netlink Socket.
[[0;32m  OK  [0m] Reached target Slices.
[[0;32m  OK  [0m] Listening on LVM2 metadata daemon socket.
[    8.378055] iscsi: registered transport (iser)
         Starting Monitoring of LVM2 mirrorsâ€¦ng dmeventd or progress polling...
[[0;32m  OK  [0m] Reached target System Time Synchronized.
[[0;32m  OK  [0m] Reached target Swap.
[[0;32m  OK  [0m] Started Load Kernel Modules.
[[0;32m  OK  [0m] Started Uncomplicated firewall.
[[0;32m  OK  [0m] Started Create list of required staâ€¦vice nodes for the current kernel.
[[0;32m  OK  [0m] Mounted Huge Pages File System.
[[0;32m  OK  [0m] Mounted Kernel Debug File System.
[[0;32m  OK  [0m] Mounted POSIX Message Queue File System.
         Starting Create Static Device Nodes in /dev...
         Mounting FUSE Control File System...
         Mounting Kernel Configuration File System...
         Starting Apply Kernel Variables...
[[0;32m  OK  [0m] Mounted FUSE Control File System.
[[0;32m  OK  [0m] Mounted Kernel Configuration File System.
[[0;32m  OK  [0m] Started LVM2 metadata daemon.
[    8.468924] EXT4-fs (sda1): re-mounted. Opts: (null)
[[0;32m  OK  [0m] Started Remount Root and Kernel File Systems.
[[0;32m  OK  [0m] Started Journal Service.
[[0;32m  OK  [0m] Started udev Coldplug all Devices.
         Starting Load/Save Random Seed...
         Starting Flush Journal to Persistent Storage...
[[0;32m  OK  [0m] Started Create Static Device Nodes in /dev.
         Starting udev Kernel Device Manager...
[[0;32m  OK  [0m] Started Apply Kernel Variables.
[[0;32m  OK  [0m] Started Load/Save Random Seed.
[[0;32m  OK  [0m] Started Monitoring of LVM2 mirrors,â€¦sing dmeventd or progress polling.
[[0;32m  OK  [0m] Started udev Kernel Device Manager.
[[0;32m  OK  [0m] Started Flush Journal to Persistent Storage.
[[0;32m  OK  [0m] Found device /dev/ttyS0.
[[0;32m  OK  [0m] Listening on Load/Save RF Kill Switch Status /dev/rfkill Watch.
[[0;32m  OK  [0m] Started Set the console keyboard layout.
[[0;32m  OK  [0m] Reached target Local File Systems (Pre).
[[0;32m  OK  [0m] Reached target Local File Systems.
         Starting Tell Plymouth To Write Out Runtime Data...
         Starting Create Volatile Files and Directories...
         Starting ebtables ruleset management...
         Starting Set console font and keymap...
         Starting AppArmor initialization...
[[0;32m  OK  [0m] Started Dispatch Password Requests to Console Directory Watch.
[[0;32m  OK  [0m] Reached target Local Encrypted Volumes.
[[0;32m  OK  [0m] Started Tell Plymouth To Write Out Runtime Data.
[[0;32m  OK  [0m] Started Create Volatile Files and Directories.
         Starting Update UTMP about System Boot/Shutdown...
[[0;32m  OK  [0m] Started Set console font and keymap.
[[0;32m  OK  [0m] Started Update UTMP about System Boot/Shutdown.
[[0;32m  OK  [0m] Started ebtables ruleset management.
[[0;32m  OK  [0m] Started AppArmor initialization.
         Starting Initial cloud-init job (pre-networking)...
[   14.095039] cloud-init[733]: Cloud-init v. 19.2-36-g059d049c-0ubuntu2~18.04.1 running 'init-local' at Wed, 25 Dec 2019 17:54:25 +0000. Up 13.02 seconds.
[[0;32m  OK  [0m] Started Initial cloud-init job (pre-networking).
[[0;32m  OK  [0m] Reached target Network (Pre).
         Starting Network Service...
[[0;32m  OK  [0m] Started Network Service.
         Starting Wait for Network to be Configured...
         Starting Network Name Resolution...
[[0;32m  OK  [0m] Started Network Name Resolution.
[[0;32m  OK  [0m] Reached target Network.
[[0;32m  OK  [0m] Reached target Host and Network Name Lookups.
[[0;32m  OK  [0m] Started Wait for Network to be Configured.
         Starting Initial cloud-init job (metadata service crawler)...
[   17.882905] cloud-init[840]: Cloud-init v. 19.2-36-g059d049c-0ubuntu2~18.04.1 running 'init' at Wed, 25 Dec 2019 17:54:29 +0000. Up 17.23 seconds.
[   17.887929] cloud-init[840]: ci-info: +++++++++++++++++++++++++++++++++++++Net device info++++++++++++++++++++++++++++++++++++++
[   17.900486] cloud-init[840]: ci-info: +--------+------+---------------------------+---------------+--------+-------------------+
[   17.904982] cloud-init[840]: ci-info: | Device |  Up  |          Address          |      Mask     | Scope  |     Hw-Address    |
[   17.908167] cloud-init[840]: ci-info: +--------+------+---------------------------+---------------+--------+-------------------+
[   17.911883] cloud-init[840]: ci-info: | enp0s3 | True |         10.0.2.15         | 255.255.255.0 | global | 02:7c:06:17:a1:8b |
[   17.914821] cloud-init[840]: ci-info: | enp0s3 | True | fe80::7c:6ff:fe17:a18b/64 |       .       |  link  | 02:7c:06:17:a1:8b |
[   17.918194] cloud-init[840]: ci-info: |   lo   | True |         127.0.0.1         |   255.0.0.0   |  host  |         .         |
[   17.921174] cloud-init[840]: ci-info: |   lo   | True |          ::1/128          |       .       |  host  |         .         |
[   17.924538] cloud-init[840]: ci-info: +--------+------+---------------------------+---------------+--------+-------------------+
[   17.926907] cloud-init[840]: ci-info: ++++++++++++++++++++++++++++Route IPv4 info+++++++++++++++++++++++++++++
[   17.928831] cloud-init[840]: ci-info: +-------+-------------+----------+-----------------+-----------+-------+
[   17.935243] cloud-init[840]: ci-info: | Route | Destination | Gateway  |     Genmask     | Interface | Flags |
[   17.940883] cloud-init[840]: ci-info: +-------+-------------+----------+-----------------+-----------+-------+
[   17.947111] cloud-init[840]: ci-info: |   0   |   0.0.0.0   | 10.0.2.2 |     0.0.0.0     |   enp0s3  |   UG  |
[   17.949233] cloud-init[840]: ci-info: |   1   |   10.0.2.0  | 0.0.0.0  |  255.255.255.0  |   enp0s3  |   U   |
[   17.952207] cloud-init[840]: ci-info: |   2   |   10.0.2.2  | 0.0.0.0  | 255.255.255.255 |   enp0s3  |   UH  |
[   17.954450] cloud-init[840]: ci-info: +-------+-------------+----------+-----------------+-----------+-------+
[   17.956436] cloud-init[840]: ci-info: +++++++++++++++++++Route IPv6 info+++++++++++++++++++
[   17.958032] cloud-init[840]: ci-info: +-------+-------------+---------+-----------+-------+
[   17.959853] cloud-init[840]: ci-info: | Route | Destination | Gateway | Interface | Flags |
[   17.972486] cloud-init[840]: ci-info: +-------+-------------+---------+-----------+-------+
[   17.985165] cloud-init[840]: ci-info: |   1   |  fe80::/64  |    ::   |   enp0s3  |   U   |
[   17.991231] cloud-init[840]: ci-info: |   3   |    local    |    ::   |   enp0s3  |   U   |
[   17.994264] cloud-init[840]: ci-info: |   4   |   ff00::/8  |    ::   |   enp0s3  |   U   |
[   17.997154] cloud-init[840]: ci-info: +-------+-------------+---------+-----------+-------+
[[0;32m  OK  [0m] Started Initial cloud-init job (metadata service crawler).
[[0;32m  OK  [0m] Reached target Network is Online.
[[0;32m  OK  [0m] Reached target Remote File Systems (Pre).
[[0;32m  OK  [0m] Reached target Remote File Systems.
         Starting Availability of block devices...
[[0;32m  OK  [0m] Reached target System Initialization.
[[0;32m  OK  [0m] Listening on Open-iSCSI iscsid Socket.
[[0;32m  OK  [0m] Started Message of the Day.
[[0;32m  OK  [0m] Started Discard unused blocks once a week.
[[0;32m  OK  [0m] Started Daily Cleanup of Temporary Directories.
         Starting LXD - unix socket.
[[0;32m  OK  [0m] Listening on D-Bus System Message Bus Socket.
[[0;32m  OK  [0m] Started ACPI Events Check.
[[0;32m  OK  [0m] Listening on ACPID Listen Socket.
         Starting Socket activation for snappy daemon.
[[0;32m  OK  [0m] Started Daily apt download activities.
[[0;32m  OK  [0m] Started Daily apt upgrade and clean activities.
[[0;32m  OK  [0m] Listening on UUID daemon activation socket.
         Starting Docker Socket for the API.
[[0;32m  OK  [0m] Reached target Paths.
[[0;32m  OK  [0m] Reached target Timers.
[[0;32m  OK  [0m] Reached target Cloud-config availability.
[[0;32m  OK  [0m] Started Availability of block devices.
[[0;32m  OK  [0m] Listening on LXD - unix socket.
[[0;32m  OK  [0m] Listening on Socket activation for snappy daemon.
[[0;32m  OK  [0m] Listening on Docker Socket for the API.
[[0;32m  OK  [0m] Reached target Sockets.
[[0;32m  OK  [0m] Reached target Basic System.
[[0;32m  OK  [0m] Started Regular background program processing daemon.
         Starting Dispatcher daemon for systemd-networkd...
         Starting LSB: Record successful boot for GRUB...
         Starting Accounts Service...
[[0;32m  OK  [0m] Started D-Bus System Message Bus.
         Starting containerd container runtime...
[[0;32m  OK  [0m] Started Deferred execution scheduler.
         Starting Login Service...
[[0;32m  OK  [0m] Started FUSE filesystem for LXC.
         Starting OpenBSD Secure Shell server...
[[0;32m  OK  [0m] Started irqbalance daemon.
         Starting LSB: automatic crash report generation...
         Starting Snappy daemon...
         Starting Permit User Sessions...
         Starting Virtualbox guest utils...
         Starting Message of the Day...
         Starting System Logging Service...
         Starting LXD - container startup/shutdown...
[[0;32m  OK  [0m] Started containerd container runtime.
[[0;32m  OK  [0m] Started System Logging Service.
[[0;32m  OK  [0m] Started Permit User Sessions.
[[0;32m  OK  [0m] Started OpenBSD Secure Shell server.
[[0;32m  OK  [0m] Started Login Service.
[[0;32m  OK  [0m] Started Unattended Upgrades Shutdown.
         Starting Hold until boot process finishes up...
         Starting Terminate Plymouth Boot Screen...
         Starting Authorization Manager...
         Starting Docker Application Container Engine...
[[0;32m  OK  [0m] Started Hold until boot process finishes up.
[[0;32m  OK  [0m] Started Terminate Plymouth Boot Screen.
[[0;32m  OK  [0m] Started Serial Getty on ttyS0.
         Starting Set console scheme...
[[0;32m  OK  [0m] Started Set console scheme.
[[0;32m  OK  [0m] Created slice system-getty.slice.
[[0;32m  OK  [0m] Started Getty on tty1.
[[0;32m  OK  [0m] Reached target Login Prompts.
[[0;32m  OK  [0m] Started Authorization Manager.
[[0;32m  OK  [0m] Started Accounts Service.
[[0;32m  OK  [0m] Started LSB: automatic crash report generation.
[[0;32m  OK  [0m] Started LSB: Record successful boot for GRUB.
[[0;32m  OK  [0m] Created slice User Slice of vagrant.
[[0;32m  OK  [0m] Started Virtualbox guest utils.
[[0;32m  OK  [0m] Started LXD - container startup/shutdown.
[[0;32m  OK  [0m] Started Session 1 of user vagrant.
         Starting User Manager for UID 1000...
[[0;32m  OK  [0m] Started Dispatcher daemon for systemd-networkd.
[[0;32m  OK  [0m] Started Snappy daemon.
         Starting Wait until snapd is fully seeded...
[[0;32m  OK  [0m] Started Wait until snapd is fully seeded.
         Starting Apply the settings specified in cloud-config...
[[0;32m  OK  [0m] Started User Manager for UID 1000.
[   22.007093] cloud-init[1446]: Cloud-init v. 19.2-36-g059d049c-0ubuntu2~18.04.1 running 'modules:config' at Wed, 25 Dec 2019 17:54:34 +0000. Up 21.48 seconds.
[[0;32m  OK  [0m] Started Apply the settings specified in cloud-config.
[[0;32m  OK  [0m] Started Message of the Day.

Ubuntu 18.04.3 LTS ubuntu-bionic ttyS0

ubuntu-bionic login: [   26.067193] cloud-init[1939]: Cloud-init v. 19.2-36-g059d049c-0ubuntu2~18.04.1 running 'modules:final' at Wed, 25 Dec 2019 17:54:38 +0000. Up 25.68 seconds.
[   26.067454] cloud-init[1939]: Cloud-init v. 19.2-36-g059d049c-0ubuntu2~18.04.1 finished at Wed, 25 Dec 2019 17:54:38 +0000. Datasource DataSourceNoCloud [seed=/dev/sdb][dsmode=net].  Up 26.02 seconds
